Renesas Optimizing Linker (W3.04.00 )             08-Jul-2022 19:03:39

*** Options ***

-MAKEUD=DefaultBuild\test4.lk.ud
-subcommand=DefaultBuild\test4.clnk
-library=DefaultBuild\test4.lib
-input=DefaultBuild\dbsct.obj
-input=DefaultBuild\intprg.obj
-input=DefaultBuild\resetprg.obj
-input=DefaultBuild\sbrk.obj
-input=DefaultBuild\test4.obj
-input=DefaultBuild\vecttbl.obj
-input=DefaultBuild\ram.obj
-input=DefaultBuild\table.obj
-noprelink
-output=DefaultBuild\test4.abs
-list=DefaultBuild\test4.map
-nooptimize
-start=B_1,R_1,B_2,R_2,B,R,SU,SI/04,PResetPRG/0FFFC0000,C_1,C_2,C,C$DSEC,C$BSEC,C$INIT,C$VTBL,C$VECT,D_1,D_2,D,P,PIntPRG,W_1,W_2,W,L/0FFFC0100,FIXEDVECT/0FFFFFFD0
-rom=D=R,D_1=R_1,D_2=R_2
-nologo
-end

*** Error information ***

*** Mapping List ***

SECTION                            START      END         SIZE   ALIGN
B_1
                                  00000004  00000023        20   1
R_1
                                  00000024  00000024         0   1
B_2
                                  00000024  00000024         0   1
R_2
                                  00000024  00000024         0   1
B
                                  00000024  00000423       400   4
R
                                  00000424  00000427         4   4
SU
                                  00000428  00000527       100   4
SI
                                  00000528  00000827       300   4
PResetPRG
                                  fffc0000  fffc0028        29   1
C_1
                                  fffc0100  fffc0100         0   1
C_2
                                  fffc0100  fffc0100         0   1
C
                                  fffc0100  fffc0133        34   4
C$DSEC
                                  fffc0134  fffc0157        24   4
C$BSEC
                                  fffc0158  fffc016f        18   4
C$INIT
                                  fffc0170  fffc0170         0   1
C$VTBL
                                  fffc0170  fffc0170         0   1
C$VECT
                                  fffc0170  fffc056f       400   4
D_1
                                  fffc0570  fffc0570         0   1
D_2
                                  fffc0570  fffc0570         0   1
D
                                  fffc0570  fffc0573         4   4
P
                                  fffc0574  fffc0843       2d0   1
PIntPRG
                                  fffc0844  fffc094b       108   1
W_1
                                  fffc094c  fffc094c         0   1
W_2
                                  fffc094c  fffc094c         0   1
W
                                  fffc094c  fffc094c         0   1
L
                                  fffc094c  fffc094c         0   1
$ADDR_C_FFFFFF80
                                  ffffff80  ffffff83         4   1
$ADDR_C_FFFFFFA0
                                  ffffffa0  ffffffaf        10   1
FIXEDVECT
                                  ffffffd0  ffffffff        30   4
